• testdata/test-author.txt [2 messages]:
 [Line 1]	  ✐ NOTE from Test Author: make sure author is correctly displayed
 [Line 2]	  ✐ NOTE from Test Author: make sure author is correctly displayed

