• testdata/test.txt [7 messages]:
 [Line 1]	  ✐ NOTE: test note 
 [Line 2]	  ↻ OPTIMIZE: test optimize
 [Line 3]	  ✓ TODO: test todo
 [Line 4]	  ✄ HACK: test hack
 [Line 5]	  ✗ XXX: test XXX
 [Line 6]	  ☠ FIXME: test fixme
 [Line 7]	  ☢ BUG: test bug


